0000012e A num_got_entries
9f000000 T _start
9f000400 t reset
9f0004f4 t rel_start
9f00053c T relocate_code
9f00059c t in_ram
9f000604 T ar7240_ddr_tap_init
9f000624 t ddr_pat_init
9f003660 t load_tap
9f003678 t pat_read
9f003690 t tap_addr_loop
9f003718 t tap_decr
9f00372c t tap_incr
9f003754 t tap_fail
9f003794 t up_limit
9f0037c8 t tap_calc
9f00384c t end
9f00385c t romReserved
9f003860 t romExcHandle
9f003870 T lowlevel_init
9f003870 t wdt_reset
9f0038ec t init_pll_values
9f003948 t init_7241_pll
9f0039a8 t init_default
9f003a08 t read_pll_from_flash
9f003a6c t wait_for_pll_update
9f003a8c t pll_locked
9f003ad0 t initialize_pll
9f003b10 T simple_mips_cache_reset
9f003b28 t _arai_icache_loop
9f003b40 t _arai_dcache_loop
9f003b58 T mips_cache_reset
9f003cf0 T dcache_status
9f003d00 T dcache_disable
9f003d1c T mips_cache_lock
9f003d78 T dcache_flush_range
9f003d84 t cache_loop_d_flush_range
9f003da0 T mips_cache_flush
9f003db4 t cache_loop_flush
9f003dd8 t cache_loop_d_flush
9f003df4 T mips_cache_lock_24k
9f003e08 t cache_loop_lock
9f003e40 T sbrk
9f003e90 t init_func_ram
9f003f1c t display_banner
9f003f5c t init_baudrate
9f003fd0 T hang
9f004000 T board_init_f
9f004224 T board_init_r
9f004510 T timer_init
9f004524 T reset_timer
9f004534 T get_timer
9f004540 T set_timer
9f00454c T udelay
9f0045b4 T get_ticks
9f0045c4 T get_tbclk
9f0045d0 T NetSetEther
9f004680 T ArpRequest
9f0047f4 t startAgainTimeout
9f004810 t startAgainHandler
9f004818 T NetSetTimeout
9f00487c T NetSetHandler
9f004894 T NetStartAgain
9f0049f4 T ArpTimeoutCheck
9f004abc T NetSendPacket
9f004ad4 T NetCksum
9f004b1c T NetSetIP
9f004c34 T NetSendUDPPacket
9f004e00 T NetCksumOk
9f004e40 T NetEthHdrSize
9f004e78 T copy_filename
9f004ef4 T ip_to_string
9f004f54 T print_IPaddr
9f004f98 T NetReceive
9f0054fc T string_to_ip
9f0055a0 T getenv_IPaddr
9f0055dc T VLAN_to_string
9f005638 T string_to_VLAN
9f00569c T getenv_VLAN
9f0056e0 T NetLoop
9f005cd0 t TftpSend
9f005eec t TftpHandler
9f0062bc t TftpTimeout
9f006354 T TftpStart
9f006610 t truncate_sz
9f006674 t BootpHandler
9f006b28 T BootpRequest
9f006dc0 t BootpTimeout
9f006e50 t RarpHandler
9f006ec8 T RarpRequest
9f007010 t RarpTimeout
9f0070a0 T eth_get_dev
9f0070b8 T eth_get_dev_by_name
9f007150 T eth_get_dev_index
9f0071ac T eth_register
9f007288 T eth_initialize
9f007604 T eth_set_enetaddr
9f00775c T eth_try_another
9f007818 T eth_init
9f0078e8 T eth_halt
9f007940 T eth_send
9f007978 T eth_rx
9f0079ac T eth_set_current
9f007a74 T eth_get_name
9f007aa0 T pci_hose_read_config_byte
9f007aac T pci_hose_read_config_word
9f007ab8 T pci_hose_read_config_dword
9f007ac4 T pci_hose_write_config_byte
9f007ad0 T pci_hose_write_config_word
9f007adc T pci_hose_write_config_dword
9f007ae8 T pci_hose_read_config_byte_via_dword
9f007b64 T pci_hose_read_config_word_via_dword
9f007be0 T pci_hose_write_config_byte_via_dword
9f007cac T pci_hose_write_config_word_via_dword
9f007d78 T pci_register_hose
9f007db0 T pci_bus_to_hose
9f007e20 T pci_write_config_dword
9f007eb0 T pci_write_config_word
9f007f40 T pci_write_config_byte
9f007fd0 T pci_read_config_dword
9f008064 T pci_read_config_word
9f0080fc T pci_read_config_byte
9f008194 T pci_find_devices
9f008304 T pci_find_device
9f008330 T pci_hose_phys_to_bus
9f0083f0 T pci_hose_bus_to_phys
9f0084b8 T pci_hose_config_device
9f008708 T pci_find_config
9f0087d0 T pci_cfgfunc_config_device
9f008814 T pci_cfgfunc_do_nothing
9f00881c T pci_hose_scan_bus
9f008a08 T pci_hose_scan
9f008a38 T pci_init
9f008a50 T __show_boot_progress
9f008a50 W show_boot_progress
9f008a58 t delete_char
9f008bb0 T readline
9f008e30 T run_command
9f009334 T main_loop
9f0098c0 T do_go
9f0099a0 T fake_image_header
9f009a68 T print_image_hdr
9f009e94 t zalloc
9f009eb8 t zfree
9f009ed0 T gunzip
9f00a0a0 T do_bootm
9f00a320 t abbrev_spec
9f00a4fc t addr_spec
9f00a6a0 t flash_fill_sect_ranges
9f00a840 T do_flinfo
9f00a944 T flash_sect_erase
9f00aa70 T do_flerase
9f00ac84 T flash_sect_protect
9f00ae00 T do_protect
9f00b180 T cmd_get_data_size
9f00b238 T do_mem_md
9f00b3b0 T do_mem_mw
9f00b504 T do_mem_cmp
9f00b714 T do_mem_cp
9f00b8ec T do_mem_base
9f00b958 T do_mem_loop
9f00bae0 T do_mem_mtest
9f00bca4 t mod_mem
9f00beac T do_mem_nm
9f00bef4 T do_mem_mm
9f00bf3c T do_mem_crc
9f00c070 t netboot_common
9f00c480 T do_rarpb
9f00c4a0 T do_tftpb
9f00c4c0 T do_bootp
9f00c4e0 t envmatch
9f00c584 T do_printenv
9f00c7f4 T _do_setenv
9f00ce54 T setenv
9f00cec0 T do_setenv
9f00cf34 T getenv
9f00d010 T getenv_r
9f00d134 T do_saveenv
9f00d190 T do_version
9f00d1d0 T find_cmd
9f00d2d4 T do_help
9f00d510 t console_setfile
9f00d5f8 T serial_printf
9f00d650 T fgetc
9f00d688 T ftstc
9f00d6c0 T fputc
9f00d704 T fputs
9f00d744 T fprintf
9f00d7a4 T getc
9f00d7e0 T tstc
9f00d81c T putc
9f00d860 T puts
9f00d89c T printf
9f00d8f4 T vprintf
9f00d940 T ctrlc
9f00d9c4 T disable_ctrlc
9f00d9e0 T had_ctrlc
9f00d9f8 T clear_ctrlc
9f00da10 T dbg
9f00da20 T console_assign
9f00db28 T console_init_f
9f00db38 T console_init_r
9f00dd90 T device_register
9f00ddd4 T devices_init
9f00dec8 T devices_done
9f00df10 T malloc_bin_reloc
9f00df50 t do_check_chunk
9f00df58 t do_check_free_chunk
9f00df60 t do_check_inuse_chunk
9f00df68 t do_check_malloced_chunk
9f00df70 T malloc_trim
9f00e098 T free
9f00e30c T malloc
9f00ea58 T realloc
9f00efcc T memalign
9f00f164 T valloc
9f00f180 T pvalloc
9f00f1a4 T calloc
9f00f2b8 T cfree
9f00f2d0 T malloc_usable_size
9f00f328 T mallopt
9f00f3c0 T env_crc_update
9f00f410 t env_get_char_init
9f00f45c T env_get_char_memory
9f00f490 T env_get_addr
9f00f4c0 T env_relocate
9f00f5c0 T env_get_char_spec
9f00f5d0 T env_init
9f00f650 T saveenv
9f00f7a8 T env_relocate_spec
9f00f7d0 t dummy
9f00f7d8 T get_version
9f00f7e0 T jumptable_init
9f00f8c0 T flash_protect
9f00fa84 T addr2info
9f00fad8 T flash_write
9f00fc88 T flash_perror
9f00fdc0 T NewHandle
9f00fe6c T DisposeHandle
9f00fec8 T GetHandleSize
9f00fed0 T SetHandleSize
9f00ff98 T ListCreate
9f010008 T ListSetAllocationPolicy
9f010018 T ListDispose
9f010030 T ListInsertItems
9f01027c T ListInsertItem
9f010294 T ListGetItems
9f0102ec T ListGetPtrToItem
9f01032c T ListGetDataPtr
9f010338 T ListGetItemSize
9f010344 T ListNumItems
9f010350 T crc32
9f0104e0 T display_options
9f010520 T print_size
9f010628 T print_buffer
9f010850 T strcpy
9f010870 T strncpy
9f0108a0 T strcat
9f0108d8 T strncat
9f010924 T strcmp
9f010954 T strncmp
9f010990 T strchr
9f0109cc T strlen
9f0109f0 T strrchr
9f010a68 T strnlen
9f010aa4 T strdup
9f010b2c T strspn
9f010b8c T strpbrk
9f010bdc T strtok
9f010c9c T strsep
9f010d08 T strswab
9f010d64 T memset
9f010d90 T bcopy
9f010dc0 T memcpy
9f010df0 T memmove
9f010e6c T memcmp
9f010e9c T memscan
9f010ec0 T strstr
9f010f80 T memchr
9f010fc0 T simple_strtoul
9f0110a8 T simple_strtol
9f0110f8 t skip_atoi
9f011158 t number
9f0113b0 T vsprintf
9f011900 T sprintf
9f01193c T panic
9f0119c0 t inflate_codes_free
9f0119d8 t inflate_trees_free
9f011a3c t inflate_blocks_reset
9f011b6c T inflateEnd
9f011c38 T inflateReset
9f011cac T inflateSync
9f011dec T inflateInit2
9f011f94 T inflateInit
9f011fac t inflate_codes_new
9f012028 T inflateIncomp
9f0121b4 t inflate_flush
9f012370 t huft_build
9f0128d8 t falloc
9f012908 t ffree
9f012910 T inflate
9f0146fc T adler32
9f0148c0 T ar7240_all_led_on
9f01497c T ar7240_all_led_off
9f014998 T ar7240_gpio_in_val
9f0149b4 T ar7240_usb_initial_config
9f0149dc T ar7240_gpio_config
9f014a2c T ar7240_LED_tftp
9f014afc T ar7240_mem_config
9f014cdc T initdram
9f014cf4 T checkboard
9f014da0 t ar7240_local_write_config
9f014dcc t ar7240_pci_read_config
9f014df8 t ar7240_pci_write_config
9f014e24 T plat_dev_init
9f014fbc T pci_init_board
9f0152f0 T flash_init
9f015424 T flash_print_info
9f0154c8 t ar7240_spi_write_enable
9f015538 t ar7240_spi_poll
9f0155d4 T write_buff
9f015878 T flash_erase
9f015ac0 T flash_get_geom
9f015ba0 T do_reset
9f015be8 T flush_cache
9f015c10 T write_one_tlb
9f015c50 T enable_interrupts
9f015c58 T disable_interrupts
9f015c60 T ar7240_sys_frequency
9f015d08 T ar7240_set_sys_freq
9f015d84 T serial_init
9f015e4c T serial_tstc
9f015e60 T serial_getc
9f015ea4 T serial_putc
9f015f10 T serial_setbrg
9f015f18 T serial_puts
9f015f70 t ag7240_send
9f0160ec t ag7240_recv
9f016230 t ag7240_clean_rx
9f016878 t ag7240_alloc_fifo
9f016938 t ag7240_halt
9f016988 T ag7240_mac_addr_loc
9f016994 T ag7240_enet_initialize
9f0174f8 T ag7240_miiphy_read
9f01767c T ag7240_miiphy_write
9f017790 T ar7240_ddr_tap_set
9f0177c0 T ar7240_ddr_find_size
9f0177f8 T ar7240_ddr_initial_config
9f017b00 t linux_env_set
9f017c24 T do_bootm_linux
9f018460 T GregorianDay
9f0185d8 T to_tm
9f01874c T mktime
9f018830 T athrs26_reg_write
9f0189c0 T athrs26_reg_read
9f018b54 T s26_wr_phy
9f018bec T athrs26_reg_init
9f018c88 T athrs26_sleep_off
9f018cdc T athrs26_powersave_off
9f018d30 T s26_rd_phy
9f018dc8 T athrs26_phy_is_up
9f018f18 T athrs26_phy_is_link_alive
9f018f70 T athrs26_phy_speed
9f0190d0 T athrs26_phy_is_fdx
9f0191ec T athrs26_phy_setup
9f019428 T athrs26_reg_init_lan
9f019670 T athrs26_mdc_check
9f0196e0 R version_string
9f019840 r baudrate_table
9f019850 r crc_table
9f019cd0 r __func__.0
9f019ce4 r __func__.1
9f019d00 r __func__.0
9f01c340 D mips_io_port_base
9f01c350 D NetOurNativeVLAN
9f01c352 D NetOurVLAN
9f01c354 D NetBcastAddr
9f01c360 d TftpBlkSize
9f01c362 d TftpBlkSizeOption
9f01c370 d tab_seq
9f01c37c d erase_seq
9f01c380 D linuxFlash
9f01c39c D load_addr
9f01c3a0 D dp_last_length
9f01c3b0 d mmap_threshold
9f01c3b4 d trim_threshold
9f01c3b8 d sbrk_base
9f01c3c0 D default_environment
9f01c500 D env_ptr
9f01c504 d flash_addr
9f01c510 d inflate_mask
9f01c554 d border
9f01c5a0 d cpdext
9f01c618 d cpdist
9f01c690 d cplext
9f01c70c d cplens
9f01c788 d fixed_left
9f01c790 D _ctype
9f01c890 D tap_pattern
9f01c898 D tap_settings
9f01c8b0 d month_days
9f01c8e0 d athrPhyInfo
9f01c970 D init_sequence
9f01c994 d failed
9f01c998 D stdio_names
9f01c9a4 d av_
9f01cdac D env_get_char
9f01cdb0 D env_name_spec
9f01cdb4 D z_errmsg
9f01cdd4 D zlib_version
9f01cde0 A _gp
9f01cde0 D _GLOBAL_OFFSET_TABLE_
9f01cde0 D __got_start
9f01d298 D __got_end
9f01d298 D __u_boot_cmd_reset
9f01d298 D __u_boot_cmd_start
9f01d2ac D __u_boot_cmd_go
9f01d2c0 D __u_boot_cmd_bootm
9f01d2d4 D __u_boot_cmd_protect
9f01d2e8 D __u_boot_cmd_erase
9f01d2fc D __u_boot_cmd_flinfo
9f01d310 D __u_boot_cmd_mtest
9f01d324 D __u_boot_cmd_loop
9f01d338 D __u_boot_cmd_base
9f01d34c D __u_boot_cmd_crc32
9f01d360 D __u_boot_cmd_cmp
9f01d374 D __u_boot_cmd_cp
9f01d388 D __u_boot_cmd_mw
9f01d39c D __u_boot_cmd_nm
9f01d3b0 D __u_boot_cmd_mm
9f01d3c4 D __u_boot_cmd_md
9f01d3d8 D __u_boot_cmd_rarpboot
9f01d3ec D __u_boot_cmd_tftpboot
9f01d400 D __u_boot_cmd_bootp
9f01d414 D __u_boot_cmd_saveenv
9f01d428 D __u_boot_cmd_setenv
9f01d43c D __u_boot_cmd_printenv
9f01d450 D __u_boot_cmd_question_mark
9f01d464 D __u_boot_cmd_help
9f01d478 D __u_boot_cmd_version
9f01d48c A uboot_end_data
9f01d48c D __u_boot_cmd_end
9f01d490 b mem_malloc_start
9f01d494 b mem_malloc_end
9f01d498 b mem_malloc_brk
9f01d4a0 B NetTxPacket
9f01d4a4 B NetRestartWrap
9f01d4a8 B NetEtherNullAddr
9f01d4b0 B NetServerEther
9f01d4b6 B NetBootFileSize
9f01d4b8 B NetOurRootPath
9f01d4f8 B NetOurHostName
9f01d518 B NetOurNISDomain
9f01d538 B NetOurDNSIP
9f01d53c B NetOurGatewayIP
9f01d540 B NetOurSubnetMask
9f01d544 b NetDevExists
9f01d548 b NetRestarted
9f01d54c b packetHandler
9f01d550 b timeHandler
9f01d554 b timeStart
9f01d558 b timeDelta
9f01d560 b TftpServerPort
9f01d564 b TftpOurPort
9f01d568 b TftpTimeoutCount
9f01d56c b TftpBlock
9f01d570 b TftpLastBlock
9f01d574 b TftpBlockWrap
9f01d578 b TftpBlockWrapOffset
9f01d57c b TftpState
9f01d580 b default_filename
9f01d590 b tftp_filename
9f01d5a0 b first_failed.0
9f01d5a4 b eth_devices
9f01d5a8 b eth_current
9f01d5b0 b hose_head
9f01d5b4 b ids.0
9f01d5d0 b lastcommand.0
9f01d6d0 b base_address
9f01d6e0 b ctrlc_was_pressed
9f01d6e4 b ctrlc_disabled
9f01d6f0 B stdio_devices
9f01d6fc B devlist
9f01d700 b n_mmaps_max
9f01d704 b top_pad
9f01d708 b current_mallinfo
9f01d730 b max_total_mem
9f01d734 b mmapped_mem
9f01d738 b max_sbrked_mem
9f01d740 b fixed_built
9f01d744 b fixed_lock
9f01d748 b fixed_mem
9f01e7d8 b fixed_bl
9f01e7dc b fixed_bd
9f01e7e0 b fixed_tl
9f01e7e4 b fixed_td
9f01e7f0 b hose
9f01e8d0 b linux_argc
9f01e8d4 b linux_argv
9f01e8d8 b linux_env
9f01e8dc b linux_env_p
9f01e8e0 b linux_env_idx
9f01e8f0 b athr26_init_flag1
9f01e8f1 b athr26_init_flag
9f01e900 B NetRxPackets
9f01e940 B BootFile
9f01e9c0 B NetArpWaitPacketBuf
9f01efe0 B PktBuf
9f025600 B console_buffer
9f025700 B header
9f025740 B flash_info
9f02588c A uboot_end
9f02588c C monitor_flash_len
9f025890 C NetArpWaitTry
9f025894 C NetArpWaitPacketMAC
9f025898 C NetOurEther
9f0258a0 C NetOurIP
9f0258a4 C NetServerIP
9f0258a8 C NetArpWaitTxPacketSize
9f0258ac C NetArpWaitReplyIP
9f0258b0 C NetArpWaitTxPacket
9f0258b4 C NetArpWaitPacketIP
9f0258b8 C NetState
9f0258bc C NetIPID
9f0258c0 C NetRxPkt
9f0258c4 C NetRxPktLen
9f0258c8 C NetBootFileXferSize
9f0258cc C NetArpWaitTimerStart
9f0258d0 C BootpTry
9f0258d4 C BootpID
9f0258d8 C RarpTry
9f0258dc C dp_last_size
9f0258e0 C dp_last_addr
9f0258e4 C mm_last_size
9f0258e8 C mm_last_addr
9f0258ec C ___strtok
9f0258f0 C ag7240_macs
